[2026-02-16T21:39:20.165+0000] {taskinstance.py:1103} INFO - Dependencies all met for dep_context=non-requeueable deps ti=<TaskInstance: extract_dag.extract_task manual__2026-02-16T21:39:17.022044+00:00 [queued]>
[2026-02-16T21:39:20.169+0000] {taskinstance.py:1103} INFO - Dependencies all met for dep_context=requeueable deps ti=<TaskInstance: extract_dag.extract_task manual__2026-02-16T21:39:17.022044+00:00 [queued]>
[2026-02-16T21:39:20.169+0000] {taskinstance.py:1308} INFO - Starting attempt 1 of 1
[2026-02-16T21:39:20.180+0000] {taskinstance.py:1327} INFO - Executing <Task(BashOperator): extract_task> on 2026-02-16 21:39:17.022044+00:00
[2026-02-16T21:39:20.182+0000] {standard_task_runner.py:57} INFO - Started process 6489 to run task
[2026-02-16T21:39:20.186+0000] {standard_task_runner.py:84} INFO - Running: ['airflow', 'tasks', 'run', 'extract_dag', 'extract_task', 'manual__2026-02-16T21:39:17.022044+00:00', '--job-id', '3', '--raw', '--subdir', 'DAGS_FOLDER/extract_dag.py', '--cfg-path', '/tmp/tmpl3jivneg']
[2026-02-16T21:39:20.187+0000] {standard_task_runner.py:85} INFO - Job 3: Subtask extract_task
[2026-02-16T21:39:20.211+0000] {task_command.py:410} INFO - Running <TaskInstance: extract_dag.extract_task manual__2026-02-16T21:39:17.022044+00:00 [running]> on host codespaces-97d34d
[2026-02-16T21:39:20.368+0000] {taskinstance.py:1545} INFO - Exporting env vars: AIRFLOW_CTX_DAG_OWNER='airflow' AIRFLOW_CTX_DAG_ID='extract_dag' AIRFLOW_CTX_TASK_ID='extract_task' AIRFLOW_CTX_EXECUTION_DATE='2026-02-16T21:39:17.022044+00:00' AIRFLOW_CTX_TRY_NUMBER='1' AIRFLOW_CTX_DAG_RUN_ID='manual__2026-02-16T21:39:17.022044+00:00'
[2026-02-16T21:39:20.368+0000] {subprocess.py:63} INFO - Tmp dir root location: /tmp
[2026-02-16T21:39:20.369+0000] {subprocess.py:75} INFO - Running command: ['/usr/bin/bash', '-c', 'wget -c https://raw.githubusercontent.com/LinkedInLearning/hands-on-introduction-data-engineering-4395021/main/data/top-level-domain-names.csv -O /workspaces/hands-on-introduction-data-engineering-4395021/lab/orchestrated/airflow-extract-data.csv']
[2026-02-16T21:39:20.374+0000] {subprocess.py:86} INFO - Output:
[2026-02-16T21:39:20.378+0000] {subprocess.py:93} INFO - --2026-02-16 21:39:20--  https://raw.githubusercontent.com/LinkedInLearning/hands-on-introduction-data-engineering-4395021/main/data/top-level-domain-names.csv
[2026-02-16T21:39:20.390+0000] {subprocess.py:93} INFO - Resolving raw.githubusercontent.com (raw.githubusercontent.com)... 185.199.110.133, 185.199.109.133, 185.199.108.133, ...
[2026-02-16T21:39:20.392+0000] {subprocess.py:93} INFO - Connecting to raw.githubusercontent.com (raw.githubusercontent.com)|185.199.110.133|:443... connected.
[2026-02-16T21:39:20.417+0000] {subprocess.py:93} INFO - HTTP request sent, awaiting response... 416 Range Not Satisfiable
[2026-02-16T21:39:20.418+0000] {subprocess.py:93} INFO - 
[2026-02-16T21:39:20.418+0000] {subprocess.py:93} INFO -     The file is already fully retrieved; nothing to do.
[2026-02-16T21:39:20.418+0000] {subprocess.py:93} INFO - 
[2026-02-16T21:39:20.419+0000] {subprocess.py:97} INFO - Command exited with return code 0
[2026-02-16T21:39:20.434+0000] {taskinstance.py:1345} INFO - Marking task as SUCCESS. dag_id=extract_dag, task_id=extract_task, execution_date=20260216T213917, start_date=20260216T213920, end_date=20260216T213920
[2026-02-16T21:39:20.479+0000] {local_task_job_runner.py:225} INFO - Task exited with return code 0
[2026-02-16T21:39:20.488+0000] {taskinstance.py:2653} INFO - 0 downstream tasks scheduled from follow-on schedule check
