[2026-02-16T21:37:50.021+0000] {processor.py:157} INFO - Started process (PID=5717) to work on /home/vscode/.local/lib/python3.10/site-packages/airflow/example_dags/example_subdag_operator.py
[2026-02-16T21:37:50.022+0000] {processor.py:826} INFO - Processing file /home/vscode/.local/lib/python3.10/site-packages/airflow/example_dags/example_subdag_operator.py for tasks to queue
[2026-02-16T21:37:50.022+0000] {logging_mixin.py:150} INFO - [2026-02-16T21:37:50.022+0000] {dagbag.py:541} INFO - Filling up the DagBag from /home/vscode/.local/lib/python3.10/site-packages/airflow/example_dags/example_subdag_operator.py
[2026-02-16T21:37:50.036+0000] {processor.py:836} INFO - DAG(s) dict_keys(['example_subdag_operator.section-1', 'example_subdag_operator.section-2', 'example_subdag_operator']) retrieved from /home/vscode/.local/lib/python3.10/site-packages/airflow/example_dags/example_subdag_operator.py
[2026-02-16T21:37:50.049+0000] {logging_mixin.py:150} INFO - [2026-02-16T21:37:50.049+0000] {dag.py:2742} INFO - Sync 3 DAGs
[2026-02-16T21:37:50.062+0000] {logging_mixin.py:150} INFO - [2026-02-16T21:37:50.062+0000] {dag.py:3504} INFO - Setting next_dagrun for example_subdag_operator to 2022-01-01T00:00:00+00:00, run_after=2022-01-01T00:00:00+00:00
[2026-02-16T21:37:50.064+0000] {logging_mixin.py:150} INFO - [2026-02-16T21:37:50.064+0000] {dag.py:3504} INFO - Setting next_dagrun for example_subdag_operator.section-1 to None, run_after=None
[2026-02-16T21:37:50.065+0000] {logging_mixin.py:150} INFO - [2026-02-16T21:37:50.065+0000] {dag.py:3504} INFO - Setting next_dagrun for example_subdag_operator.section-2 to None, run_after=None
[2026-02-16T21:37:50.069+0000] {logging_mixin.py:150} INFO - [2026-02-16T21:37:50.069+0000] {dag.py:2742} INFO - Sync 2 DAGs
[2026-02-16T21:37:50.071+0000] {logging_mixin.py:150} INFO - [2026-02-16T21:37:50.071+0000] {dag.py:3504} INFO - Setting next_dagrun for example_subdag_operator.section-1 to None, run_after=None
[2026-02-16T21:37:50.072+0000] {logging_mixin.py:150} INFO - [2026-02-16T21:37:50.072+0000] {dag.py:3504} INFO - Setting next_dagrun for example_subdag_operator.section-2 to None, run_after=None
[2026-02-16T21:37:50.082+0000] {processor.py:179} INFO - Processing /home/vscode/.local/lib/python3.10/site-packages/airflow/example_dags/example_subdag_operator.py took 0.063 seconds
[2026-02-16T21:38:36.458+0000] {processor.py:157} INFO - Started process (PID=6095) to work on /home/vscode/.local/lib/python3.10/site-packages/airflow/example_dags/example_subdag_operator.py
[2026-02-16T21:38:36.458+0000] {processor.py:826} INFO - Processing file /home/vscode/.local/lib/python3.10/site-packages/airflow/example_dags/example_subdag_operator.py for tasks to queue
[2026-02-16T21:38:36.459+0000] {logging_mixin.py:150} INFO - [2026-02-16T21:38:36.459+0000] {dagbag.py:541} INFO - Filling up the DagBag from /home/vscode/.local/lib/python3.10/site-packages/airflow/example_dags/example_subdag_operator.py
[2026-02-16T21:38:36.473+0000] {processor.py:836} INFO - DAG(s) dict_keys(['example_subdag_operator.section-1', 'example_subdag_operator.section-2', 'example_subdag_operator']) retrieved from /home/vscode/.local/lib/python3.10/site-packages/airflow/example_dags/example_subdag_operator.py
[2026-02-16T21:38:36.484+0000] {logging_mixin.py:150} INFO - [2026-02-16T21:38:36.483+0000] {dag.py:2742} INFO - Sync 3 DAGs
[2026-02-16T21:38:36.497+0000] {logging_mixin.py:150} INFO - [2026-02-16T21:38:36.497+0000] {dag.py:3504} INFO - Setting next_dagrun for example_subdag_operator to 2022-01-01T00:00:00+00:00, run_after=2022-01-01T00:00:00+00:00
[2026-02-16T21:38:36.499+0000] {logging_mixin.py:150} INFO - [2026-02-16T21:38:36.499+0000] {dag.py:3504} INFO - Setting next_dagrun for example_subdag_operator.section-1 to None, run_after=None
[2026-02-16T21:38:36.500+0000] {logging_mixin.py:150} INFO - [2026-02-16T21:38:36.500+0000] {dag.py:3504} INFO - Setting next_dagrun for example_subdag_operator.section-2 to None, run_after=None
[2026-02-16T21:38:36.504+0000] {logging_mixin.py:150} INFO - [2026-02-16T21:38:36.504+0000] {dag.py:2742} INFO - Sync 2 DAGs
[2026-02-16T21:38:36.507+0000] {logging_mixin.py:150} INFO - [2026-02-16T21:38:36.507+0000] {dag.py:3504} INFO - Setting next_dagrun for example_subdag_operator.section-1 to None, run_after=None
[2026-02-16T21:38:36.507+0000] {logging_mixin.py:150} INFO - [2026-02-16T21:38:36.507+0000] {dag.py:3504} INFO - Setting next_dagrun for example_subdag_operator.section-2 to None, run_after=None
[2026-02-16T21:38:36.517+0000] {processor.py:179} INFO - Processing /home/vscode/.local/lib/python3.10/site-packages/airflow/example_dags/example_subdag_operator.py took 0.061 seconds
