[[34m2026-02-16T21:38:52.581+0000[0m] {[34mscheduler_job_runner.py:[0m788} INFO[0m - Starting the scheduler[0m
[[34m2026-02-16T21:38:52.582+0000[0m] {[34mscheduler_job_runner.py:[0m795} INFO[0m - Processing each file at most -1 times[0m
[[34m2026-02-16T21:38:52.593+0000[0m] {[34mmanager.py:[0m165} INFO[0m - Launched DagFileProcessorManager with pid: 6300[0m
[[34m2026-02-16T21:38:52.595+0000[0m] {[34mscheduler_job_runner.py:[0m1553} INFO[0m - Resetting orphaned tasks for active dag runs[0m
[[34m2026-02-16T21:38:52.600+0000[0m] {[34msettings.py:[0m60} INFO[0m - Configured default timezone Timezone('UTC')[0m
[2026-02-16T21:38:52.626+0000] {manager.py:411} WARNING - Because we cannot use more than 1 thread (parsing_processes = 2) when using sqlite. So we set parallelism to 1.
[[34m2026-02-16T21:39:18.934+0000[0m] {[34mscheduler_job_runner.py:[0m411} INFO[0m - 1 tasks up for execution:
	<TaskInstance: extract_dag.extract_task manual__2026-02-16T21:39:17.022044+00:00 [scheduled]>[0m
[[34m2026-02-16T21:39:18.934+0000[0m] {[34mscheduler_job_runner.py:[0m476} INFO[0m - DAG extract_dag has 0/16 running and queued tasks[0m
[[34m2026-02-16T21:39:18.934+0000[0m] {[34mscheduler_job_runner.py:[0m587} INFO[0m - Setting the following tasks to queued state:
	<TaskInstance: extract_dag.extract_task manual__2026-02-16T21:39:17.022044+00:00 [scheduled]>[0m
[[34m2026-02-16T21:39:18.936+0000[0m] {[34mscheduler_job_runner.py:[0m625} INFO[0m - Sending TaskInstanceKey(dag_id='extract_dag', task_id='extract_task', run_id='manual__2026-02-16T21:39:17.022044+00:00', try_number=1, map_index=-1) to executor with priority 1 and queue default[0m
[[34m2026-02-16T21:39:18.936+0000[0m] {[34mbase_executor.py:[0m147} INFO[0m - Adding to queue: ['airflow', 'tasks', 'run', 'extract_dag', 'extract_task', 'manual__2026-02-16T21:39:17.022044+00:00', '--local', '--subdir', 'DAGS_FOLDER/extract_dag.py'][0m
[[34m2026-02-16T21:39:18.940+0000[0m] {[34msequential_executor.py:[0m74} INFO[0m - Executing command: ['airflow', 'tasks', 'run', 'extract_dag', 'extract_task', 'manual__2026-02-16T21:39:17.022044+00:00', '--local', '--subdir', 'DAGS_FOLDER/extract_dag.py'][0m
[[34m2026-02-16T21:39:19.659+0000[0m] {[34mdagbag.py:[0m541} INFO[0m - Filling up the DagBag from /workspaces/hands-on-introduction-data-engineering-4395021/airflow/dags/extract_dag.py[0m
[[34m2026-02-16T21:39:20.130+0000[0m] {[34mtask_command.py:[0m410} INFO[0m - Running <TaskInstance: extract_dag.extract_task manual__2026-02-16T21:39:17.022044+00:00 [queued]> on host codespaces-97d34d[0m
[[34m2026-02-16T21:39:20.710+0000[0m] {[34mscheduler_job_runner.py:[0m677} INFO[0m - Received executor event with state success for task instance TaskInstanceKey(dag_id='extract_dag', task_id='extract_task', run_id='manual__2026-02-16T21:39:17.022044+00:00', try_number=1, map_index=-1)[0m
[[34m2026-02-16T21:39:20.716+0000[0m] {[34mscheduler_job_runner.py:[0m713} INFO[0m - TaskInstance Finished: dag_id=extract_dag, task_id=extract_task, run_id=manual__2026-02-16T21:39:17.022044+00:00, map_index=-1, run_start_date=2026-02-16 21:39:20.165568+00:00, run_end_date=2026-02-16 21:39:20.434781+00:00, run_duration=0.269213, state=success, executor_state=success, try_number=1, max_tries=0, job_id=3, pool=default_pool, queue=default, priority_weight=1, operator=BashOperator, queued_dttm=2026-02-16 21:39:18.935194+00:00, queued_by_job_id=2, pid=6489[0m
[[34m2026-02-16T21:39:20.750+0000[0m] {[34mdagrun.py:[0m630} INFO[0m - Marking run <DagRun extract_dag @ 2026-02-16 21:39:17.022044+00:00: manual__2026-02-16T21:39:17.022044+00:00, state:running, queued_at: 2026-02-16 21:39:17.038697+00:00. externally triggered: True> successful[0m
[[34m2026-02-16T21:39:20.751+0000[0m] {[34mdagrun.py:[0m681} INFO[0m - DagRun Finished: dag_id=extract_dag, execution_date=2026-02-16 21:39:17.022044+00:00, run_id=manual__2026-02-16T21:39:17.022044+00:00, run_start_date=2026-02-16 21:39:18.908552+00:00, run_end_date=2026-02-16 21:39:20.751326+00:00, run_duration=1.842774, state=success, external_trigger=True, run_type=manual, data_interval_start=2026-02-16 21:39:17.022044+00:00, data_interval_end=2026-02-16 21:39:17.022044+00:00, dag_hash=9b10a11f7eacb0b4e3b0fe8e8d1bbc4b[0m
[[34m2026-02-16T21:43:52.675+0000[0m] {[34mscheduler_job_runner.py:[0m1553} INFO[0m - Resetting orphaned tasks for active dag runs[0m
